// Jest Snapshot v1, https://goo.gl/fbAQLP

exports[`CertificationScreen matches snapshot 1`] = `
<DocumentFragment>
  <div
    class="tab-container"
  >
    <div
      class="MuiBox-root css-0"
    >
      <p
        class="MuiTypography-root MuiTypography-body1 tab-title css-xhm7gi-MuiTypography-root"
      >
        ExamNinja Test Studio
      </p>
      <div
        class="MuiTabs-root css-ijz6m-MuiTabs-root"
      >
        <div
          class="MuiTabs-scrollableX MuiTabs-hideScrollbar css-oqr85h"
          style="width: 99px; height: 99px; position: absolute; top: -9999px; overflow: scroll;"
        />
        <div
          class="MuiTabs-scroller MuiTabs-hideScrollbar MuiTabs-scrollableX css-1hiyfpk-MuiTabs-scroller"
          style="margin-bottom: 0px;"
        >
          <div
            aria-label="Navigation Tabs"
            class="MuiTabs-flexContainer css-heg063-MuiTabs-flexContainer"
            role="tablist"
          >
            <button
              aria-selected="true"
              class="MuiButtonBase-root MuiTab-root MuiTab-textColorInherit Mui-selected css-1pe4ln8-MuiButtonBase-root-MuiTab-root"
              role="tab"
              tabindex="0"
              type="button"
            >
              Home
            </button>
            <button
              aria-selected="false"
              class="MuiButtonBase-root MuiTab-root MuiTab-textColorInherit css-1pe4ln8-MuiButtonBase-root-MuiTab-root"
              role="tab"
              tabindex="-1"
              type="button"
            >
              Certifications
            </button>
            <button
              aria-selected="false"
              class="MuiButtonBase-root MuiTab-root MuiTab-textColorInherit css-1pe4ln8-MuiButtonBase-root-MuiTab-root"
              role="tab"
              tabindex="-1"
              type="button"
            >
              Test
            </button>
            <button
              aria-selected="false"
              class="MuiButtonBase-root MuiTab-root MuiTab-textColorInherit css-1pe4ln8-MuiButtonBase-root-MuiTab-root"
              role="tab"
              tabindex="-1"
              type="button"
            >
              Review
            </button>
            <button
              aria-selected="false"
              class="MuiButtonBase-root MuiTab-root MuiTab-textColorInherit css-1pe4ln8-MuiButtonBase-root-MuiTab-root"
              role="tab"
              tabindex="-1"
              type="button"
            >
              Progress
            </button>
            <button
              aria-selected="false"
              class="MuiButtonBase-root MuiTab-root MuiTab-textColorInherit css-1pe4ln8-MuiButtonBase-root-MuiTab-root"
              role="tab"
              tabindex="-1"
              type="button"
            >
              Status
            </button>
          </div>
          <span
            class="MuiTabs-indicator css-1sj2jcg-MuiTabs-indicator"
            style="left: 0px; width: 0px;"
          />
        </div>
      </div>
    </div>
    <div
      class="certification-box MuiBox-root css-0"
    >
      <h6
        class="MuiTypography-root MuiTypography-h6 instructions css-8zgow4-MuiTypography-root"
      >
        You have access to the following Question Banks and Tests. Please click on the test that you want to attempt.
      </h6>
      <div
        class="exam-header MuiBox-root css-0"
      >
        <h6
          class="MuiTypography-root MuiTypography-h6 css-8zgow4-MuiTypography-root"
        >
          EXPIRED - JA+ I V8 For OCA-JP-I SE8 (1Z0-808)
        </h6>
      </div>
      <p
        class="MuiTypography-root MuiTypography-body1 loading css-1edfpdg-MuiTypography-root"
      >
        Loading tests...
      </p>
    </div>
  </div>
</DocumentFragment>
`;
