// Jest Snapshot v1, https://goo.gl/fbAQLP

exports[`ResetPassword Component renders correctly 1`] = `
<DocumentFragment>
  <div
    class="MuiBox-root css-0"
  >
    <h6
      class="MuiTypography-root MuiTypography-h6 css-1r1qvyi-MuiTypography-root"
    >
      Forgot Password
    </h6>
    <form
      action="#"
    >
      <div
        class="MuiFormControl-root MuiFormControl-fullWidth MuiTextField-root css-itbxsg-MuiFormControl-root-MuiTextField-root"
      >
        <label
          class="MuiFormLabel-root MuiInputLabel-root MuiInputLabel-formControl MuiInputLabel-animated MuiInputLabel-sizeMedium MuiInputLabel-outlined MuiFormLabel-colorPrimary MuiInputLabel-root MuiInputLabel-formControl MuiInputLabel-animated MuiInputLabel-sizeMedium MuiInputLabel-outlined css-1q964xs-MuiFormLabel-root-MuiInputLabel-root"
          data-shrink="false"
          for=":r0:"
          id=":r0:-label"
        >
          Email Address
        </label>
        <div
          class="MuiInputBase-root MuiOutlinedInput-root MuiInputBase-colorPrimary MuiInputBase-fullWidth MuiInputBase-formControl css-1o0kqxp-MuiInputBase-root-MuiOutlinedInput-root"
        >
          <input
            aria-invalid="false"
            class="MuiInputBase-input MuiOutlinedInput-input css-1jk99ih-MuiInputBase-input-MuiOutlinedInput-input"
            id=":r0:"
            name="email"
            type="text"
            value=""
          />
          <fieldset
            aria-hidden="true"
            class="MuiOutlinedInput-notchedOutline css-1d3z3hw-MuiOutlinedInput-notchedOutline"
          >
            <legend
              class="css-1pbc52w"
            >
              <span>
                Email Address
              </span>
            </legend>
          </fieldset>
        </div>
      </div>
      <button
        class="MuiButtonBase-root MuiButton-root MuiButton-contained MuiButton-containedPrimary MuiButton-sizeMedium MuiButton-containedSizeMedium MuiButton-colorPrimary MuiButton-fullWidth MuiButton-root MuiButton-contained MuiButton-containedPrimary MuiButton-sizeMedium MuiButton-containedSizeMedium MuiButton-colorPrimary MuiButton-fullWidth css-1aj6dcf-MuiButtonBase-root-MuiButton-root"
        tabindex="0"
        type="submit"
      >
        Continue
      </button>
    </form>
  </div>
</DocumentFragment>
`;
